// Jest Snapshot v1, https://goo.gl/fbAQLP

exports[`store should have a persistor 1`] = `
Object {
  "bootstrapped": false,
  "registry": Array [
    "rrsb",
  ],
}
`;

exports[`store should have a store 1`] = `
Object {
  "_persist": Object {
    "rehydrated": false,
    "version": -1,
  },
  "app": Object {
    "alerts": Array [],
  },
  "quiz": Object {
    "questions": Array [],
  },
  "user": Object {
    "isAuthenticated": false,
    "status": "idle",
  },
}
`;
