// Jest Snapshot v1, https://goo.gl/fbAQLP

exports[`Home should render properly 1`] = `
.c0 {
  background: #113264;
  color: #fff;
  min-height: 100vh;
  overflow: hidden;
  position: relative;
}

.c3 {
  -webkit-align-items: flex-start;
  -webkit-box-align: flex-start;
  -ms-flex-align: flex-start;
  align-items: flex-start;
  display: -webkit-inline-box;
  display: -webkit-inline-flex;
  display: -ms-inline-flexbox;
  display: inline-flex;
  font-size: 0;
}

.c3 svg {
  height: 4.2rem;
  max-height: 100%;
  width: auto;
}

.c1 {
  box-sizing: border-box;
  margin-left: auto;
  margin-right: auto;
  padding-left: 16px;
  padding-right: 16px;
  max-width: 1440px;
  position: relative;
  width: 100%;
  -webkit-align-items: center;
  -webkit-box-align: center;
  -ms-flex-align: center;
  align-items: center;
  display: -webkit-box;
  display: -webkit-flex;
  display: -ms-flexbox;
  display: flex;
  -webkit-flex-direction: column;
  -ms-flex-direction: column;
  flex-direction: column;
  -webkit-box-pack: center;
  -webkit-justify-content: center;
  -ms-flex-pack: center;
  justify-content: center;
  min-height: 100vh;
}

.c2 {
  margin-bottom: 16px;
  text-align: center;
}

.c2 svg {
  height: 10rem;
  width: auto;
}

.c4 {
  color: #fff;
  font-size: 1.5rem;
  line-height: 1.4;
  margin-bottom: 16px;
  margin-top: 0;
  text-align: center;
}

.c5 {
  color: #9abae9;
  font-size: 2rem;
  line-height: 1;
  margin-bottom: 16px;
  margin-top: 0;
  text-align: center;
}

.c6 {
  box-sizing: border-box;
  text-transform: uppercase;
  background-color: #2E2E2E;
  border: 1px solid #2E2E2E;
  color: #fff;
  -webkit-align-items: center;
  -webkit-box-align: center;
  -ms-flex-align: center;
  align-items: center;
  border-radius: 0px;
  box-shadow: none;
  cursor: pointer;
  display: -webkit-inline-box;
  display: -webkit-inline-flex;
  display: -ms-inline-flexbox;
  display: inline-flex;
  font-family: inherit;
  font-size: 22px;
  -webkit-box-pack: center;
  -webkit-justify-content: center;
  -ms-flex-pack: center;
  justify-content: center;
  line-height: 1;
  padding: 14px 20px;
  -webkit-text-decoration: none;
  text-decoration: none;
  width: auto;
  border-radius: 0.3rem;
  background-color: #3d59fa;
  border-color: #3d59fa;
  border-radius: 0.6rem;
}

.c6:disabled {
  pointer-events: none;
  opacity: 0.7;
}

.c6:focus {
  outline-color: #2E2E2E;
}

.c6 .c8 {
  margin-left: 5px;
}

.c6:hover {
  color: #fff;
  background-color: #1839f9;
  border-color: #0b2ef9;
}

.c7 {
  box-sizing: border-box;
  margin-left: 8px;
  color: #fff;
  padding: 0.6rem 1.9rem;
  font-size: 2rem;
  line-height: 1.5;
  font-weight: 700;
  text-transform: capitalize;
}

@media (min-width:768px) {
  .c1 {
    padding-left: 32px;
    padding-right: 32px;
  }
}

@media (min-width:1024px) {
  .c2 svg {
    height: 15rem;
  }
}

@media (min-width:1024px) {
  .c4 {
    font-size: 3rem;
  }
}

@media (min-width:1024px) {
  .c5 {
    font-size: 1.5rem;
  }
}

<Background
  data-testid="HomeWrapper"
  key="Home"
>
  <div
    className="c0"
    data-testid="HomeWrapper"
  >
    <HomeContainer
      verticalPadding={false}
    >
      <div
        className="c1"
      >
        <Header>
          <div
            className="c2"
          >
            <Wrapper>
              <div
                className="c3"
              >
                SVG
              </div>
            </Wrapper>
          </div>
        </Header>
        <Heading>
          <h1
            className="c4"
          >
            Perspective - MBTI
          </h1>
        </Heading>
        <SubHeading>
          <h3
            className="c5"
          >
            Perspective is a 7 minute test that determines each team member's Myers-Briggs Type Indicator
          </h3>
        </SubHeading>
        <GetStarted
          animate={false}
          as="button"
          block={false}
          bordered={false}
          dark={false}
          data-testid="Login"
          disabled={false}
          onClick={[Function]}
          size="xl"
          textTransform="uppercase"
          type="button"
          variant="primary"
        >
          <button
            className="c6"
            data-testid="Login"
            disabled={false}
            onClick={[Function]}
            size="xl"
            type="button"
          >
            <GetStartedText
              as="span"
              ml={2}
            >
              <span
                className="c7"
              >
                Get Started
              </span>
            </GetStartedText>
          </button>
        </GetStarted>
      </div>
    </HomeContainer>
  </div>
</Background>
`;
